******************************************************************************
                  MSP430 Linker PC v4.4.4                      
******************************************************************************
>> Linked Sun Apr 26 17:38:00 2015

OUTPUT FILE NAME:   <EC450_Final_Project_WhackAMole.out>
ENTRY POINT SYMBOL: "_c_int00_noargs_noexit"  address: 0000c942


MEMORY CONFIGURATION

         name            origin    length      used     unused   attr    fill
----------------------  --------  ---------  --------  --------  ----  --------
  SFR                   00000000   00000010  00000000  00000010  RWIX
  PERIPHERALS_8BIT      00000010   000000f0  00000000  000000f0  RWIX
  PERIPHERALS_16BIT     00000100   00000100  00000000  00000100  RWIX
  RAM                   00000200   00000200  00000084  0000017c  RWIX
  INFOD                 00001000   00000040  00000002  0000003e  RWIX
  INFOC                 00001040   00000040  00000000  00000040  RWIX
  INFOB                 00001080   00000040  00000000  00000040  RWIX
  INFOA                 000010c0   00000040  00000000  00000040  RWIX
  FLASH                 0000c000   00003fe0  00000aae  00003532  RWIX
  INT00                 0000ffe0   00000002  00000002  00000000  RWIX
  INT01                 0000ffe2   00000002  00000000  00000002  RWIX
  INT02                 0000ffe4   00000002  00000002  00000000  RWIX
  INT03                 0000ffe6   00000002  00000002  00000000  RWIX
  INT04                 0000ffe8   00000002  00000000  00000002  RWIX
  INT05                 0000ffea   00000002  00000002  00000000  RWIX
  INT06                 0000ffec   00000002  00000002  00000000  RWIX
  INT07                 0000ffee   00000002  00000002  00000000  RWIX
  INT08                 0000fff0   00000002  00000002  00000000  RWIX
  INT09                 0000fff2   00000002  00000002  00000000  RWIX
  INT10                 0000fff4   00000002  00000002  00000000  RWIX
  INT11                 0000fff6   00000002  00000002  00000000  RWIX
  INT12                 0000fff8   00000002  00000002  00000000  RWIX
  INT13                 0000fffa   00000002  00000002  00000000  RWIX
  INT14                 0000fffc   00000002  00000002  00000000  RWIX
  RESET                 0000fffe   00000002  00000002  00000000  RWIX


SECTION ALLOCATION MAP

 output                                  attributes/
section   page    origin      length       input sections
--------  ----  ----------  ----------   ----------------
.data      0    00000200    00000024     UNINITIALIZED
                  00000200    00000020     main.obj (.data)
                  00000220    00000004     main.obj (.data:tones)

.bss       0    00000224    00000010     UNINITIALIZED
                  00000224    00000002     (.common:TXByte)
                  00000226    00000002     (.common:mole1_counter)
                  00000228    00000002     (.common:mole2_counter)
                  0000022a    00000002     (.common:mole3_counter)
                  0000022c    00000002     (.common:mole4_counter)
                  0000022e    00000001     (.common:BitCount)
                  0000022f    00000001     (.common:last_mole1)
                  00000230    00000001     (.common:last_mole2)
                  00000231    00000001     (.common:last_mole3)
                  00000232    00000001     (.common:last_mole4)
                  00000233    00000001     (.common:last_play)

.TI.persistent 
*          0    00000200    00000000     UNINITIALIZED

.stack     0    000003b0    00000050     UNINITIALIZED
                  000003b0    00000002     rts430_eabi.lib : boot.obj (.stack)
                  000003b2    0000004e     --HOLE--

.infoD     0    00001000    00000002     
                  00001000    00000002     main.obj (.infoD)

.text      0    0000c000    00000a04     
                  0000c000    000003ee     main.obj (.text:WDT_interval_handler)
                  0000c3ee    00000158     main.obj (.text:main)
                  0000c546    00000074     LCD.obj (.text:itoa)
                  0000c5ba    00000064     rts430_eabi.lib : copy_decompress_rle.obj (.text:__TI_decompress_rle_core)
                  0000c61e    00000060     main.obj (.text:random_gen)
                  0000c67e    00000058     rts430_eabi.lib : autoinit.obj (.text:_auto_init)
                  0000c6d6    0000003c     LCD.obj (.text:game_over_screen)
                  0000c712    0000003c     LCD.obj (.text:high_score_screen)
                  0000c74e    0000003c     LCD.obj (.text:print_current_score)
                  0000c78a    0000003a     LCD.obj (.text:Timer_A)
                  0000c7c4    00000036     main.obj (.text:sound_handler)
                  0000c7fa    00000032     main.obj (.text:init_timer)
                  0000c82c    0000002e     main.obj (.text:init_buttons)
                  0000c85a    0000002a     LCD.obj (.text:Transmit)
                  0000c884    0000002a     main.obj (.text:writeDword)
                  0000c8ae    00000024     main.obj (.text:eraseD)
                  0000c8d2    0000001c     LCD.obj (.text:TXString)
                  0000c8ee    0000001c     LCD.obj (.text:new_high_score_screen)
                  0000c90a    0000001c     LCD.obj (.text:opening_screen)
                  0000c926    0000001c     LCD.obj (.text:reset_screen)
                  0000c942    0000001a     rts430_eabi.lib : boot_special.obj (.text:_c_int00_noargs_noexit)
                  0000c95c    00000016                     : div16u.obj (.text)
                  0000c972    00000014     LCD.obj (.text:ConfigureTimerUart)
                  0000c986    00000014     rts430_eabi.lib : copy_zero_init.obj (.text:decompress:ZI:__TI_zero_init)
                  0000c99a    00000014                     : mult16.obj (.text)
                  0000c9ae    00000012                     : copy_decompress_none.obj (.text:decompress:none:__TI_decompress_none)
                  0000c9c0    00000012                     : memcpy.obj (.text:memcpy)
                  0000c9d2    00000010                     : epilog.obj (.text)
                  0000c9e2    0000000e     main.obj (.text:updateData)
                  0000c9f0    00000006     rts430_eabi.lib : isr_trap.obj (.text:_isr:__TI_ISR_TRAP)
                  0000c9f6    00000006                     : copy_decompress_rle.obj (.text:decompress:rle24:__TI_decompress_rle24)
                  0000c9fc    00000004                     : pre_init.obj (.text:_system_pre_init)
                  0000ca00    00000004                     : exit.obj (.text:abort)

.const     0    0000ca04    00000086     
                  0000ca04    00000086     LCD.obj (.const:.string)

.cinit     0    0000ca8a    00000024     
                  0000ca8a    00000011     (.cinit..data.load) [load image, compression = rle]
                  0000ca9b    00000001     --HOLE-- [fill = 0]
                  0000ca9c    00000006     (__TI_handler_table)
                  0000caa2    00000004     (.cinit..bss.load) [load image, compression = zero_init]
                  0000caa6    00000008     (__TI_cinit_table)

.init_array 
*          0    0000c000    00000000     UNINITIALIZED

TRAPINT    0    0000ffe0    00000002     
                  0000ffe0    00000002     rts430_eabi.lib : int00.obj (.int00)

PORT1      0    0000ffe4    00000002     
                  0000ffe4    00000002     rts430_eabi.lib : int02.obj (.int02)

PORT2      0    0000ffe6    00000002     
                  0000ffe6    00000002     rts430_eabi.lib : int03.obj (.int03)

ADC10      0    0000ffea    00000002     
                  0000ffea    00000002     rts430_eabi.lib : int05.obj (.int05)

USCIAB0TX 
*          0    0000ffec    00000002     
                  0000ffec    00000002     rts430_eabi.lib : int06.obj (.int06)

USCIAB0RX 
*          0    0000ffee    00000002     
                  0000ffee    00000002     rts430_eabi.lib : int07.obj (.int07)

TIMER0_A1 
*          0    0000fff0    00000002     
                  0000fff0    00000002     rts430_eabi.lib : int08.obj (.int08)

TIMER0_A0 
*          0    0000fff2    00000002     
                  0000fff2    00000002     main.obj (.int09)

WDT        0    0000fff4    00000002     
                  0000fff4    00000002     main.obj (.int10)

COMPARATORA 
*          0    0000fff6    00000002     
                  0000fff6    00000002     rts430_eabi.lib : int11.obj (.int11)

TIMER1_A1 
*          0    0000fff8    00000002     
                  0000fff8    00000002     rts430_eabi.lib : int12.obj (.int12)

TIMER1_A0 
*          0    0000fffa    00000002     
                  0000fffa    00000002     LCD.obj (.int13)

NMI        0    0000fffc    00000002     
                  0000fffc    00000002     rts430_eabi.lib : int14.obj (.int14)

.reset     0    0000fffe    00000002     
                  0000fffe    00000002     rts430_eabi.lib : boot.obj (.reset)


LINKER GENERATED COPY TABLES

__TI_cinit_table @ 0000caa6 records: 2, size/record: 4, table size: 8
	.data: load addr=0000ca8a, load size=00000011 bytes, run addr=00000200, run size=00000024 bytes, compression=rle
	.bss: load addr=0000caa2, load size=00000004 bytes, run addr=00000224, run size=00000010 bytes, compression=zero_init


LINKER GENERATED HANDLER TABLE

__TI_handler_table @ 0000ca9c records: 3, size/record: 2, table size: 6
	index: 0, handler: __TI_zero_init
	index: 1, handler: __TI_decompress_rle24
	index: 2, handler: __TI_decompress_none


GLOBAL SYMBOLS: SORTED ALPHABETICALLY BY Name 

address   name                    
-------   ----                    
0000004a  ADC10AE0                
000001b0  ADC10CTL0               
000001b2  ADC10CTL1               
00000048  ADC10DTC0               
00000049  ADC10DTC1               
000001b4  ADC10MEM                
000001bc  ADC10SA                 
00000057  BCSCTL1                 
00000058  BCSCTL2                 
00000053  BCSCTL3                 
0000022e  BitCount                
0000ca00  C$$EXIT                 
00000059  CACTL1                  
0000005a  CACTL2                  
000010fb  CALBC1_12MHZ            
000010f9  CALBC1_16MHZ            
000010ff  CALBC1_1MHZ             
000010fd  CALBC1_8MHZ             
000010fa  CALDCO_12MHZ            
000010f8  CALDCO_16MHZ            
000010fe  CALDCO_1MHZ             
000010fc  CALDCO_8MHZ             
0000005b  CAPD                    
0000c972  ConfigureTimerUart      
00000056  DCOCTL                  
00000128  FCTL1                   
0000012a  FCTL2                   
0000012c  FCTL3                   
00000000  IE1                     
00000001  IE2                     
00000002  IFG1                    
00000003  IFG2                    
00000022  P1DIR                   
00000025  P1IE                    
00000024  P1IES                   
00000023  P1IFG                   
00000020  P1IN                    
00000021  P1OUT                   
00000027  P1REN                   
00000026  P1SEL                   
00000041  P1SEL2                  
0000002a  P2DIR                   
0000002d  P2IE                    
0000002c  P2IES                   
0000002b  P2IFG                   
00000028  P2IN                    
00000029  P2OUT                   
0000002f  P2REN                   
0000002e  P2SEL                   
00000042  P2SEL2                  
0000001a  P3DIR                   
00000018  P3IN                    
00000019  P3OUT                   
00000010  P3REN                   
0000001b  P3SEL                   
00000043  P3SEL2                  
00000172  TA0CCR0                 
00000174  TA0CCR1                 
00000176  TA0CCR2                 
00000162  TA0CCTL0                
00000164  TA0CCTL1                
00000166  TA0CCTL2                
00000160  TA0CTL                  
0000012e  TA0IV                   
00000170  TA0R                    
00000192  TA1CCR0                 
00000194  TA1CCR1                 
00000196  TA1CCR2                 
00000182  TA1CCTL0                
00000184  TA1CCTL1                
00000186  TA1CCTL2                
00000180  TA1CTL                  
0000011e  TA1IV                   
00000190  TA1R                    
000010db  TLV_ADC10_1_LEN         
000010da  TLV_ADC10_1_TAG         
000010c0  TLV_CHECKSUM            
000010f7  TLV_DCO_30_LEN          
000010f6  TLV_DCO_30_TAG          
00000224  TXByte                  
0000c8d2  TXString                
0000c78a  Timer_A                 
0000fffa  Timer_A_ptr             
0000c85a  Transmit                
0000005d  UCA0ABCTL               
00000062  UCA0BR0                 
00000063  UCA0BR1                 
00000060  UCA0CTL0                
00000061  UCA0CTL1                
0000005f  UCA0IRRCTL              
0000005e  UCA0IRTCTL              
00000064  UCA0MCTL                
00000066  UCA0RXBUF               
00000065  UCA0STAT                
00000067  UCA0TXBUF               
0000006a  UCB0BR0                 
0000006b  UCB0BR1                 
00000068  UCB0CTL0                
00000069  UCB0CTL1                
0000006c  UCB0I2CIE               
00000118  UCB0I2COA               
0000011a  UCB0I2CSA               
0000006e  UCB0RXBUF               
0000006d  UCB0STAT                
0000006f  UCB0TXBUF               
00000120  WDTCTL                  
0000c000  WDT_interval_handler    
0000fff4  WDT_interval_handler_ptr
00000400  __STACK_END             
00000050  __STACK_SIZE            
0000caa6  __TI_CINIT_Base         
0000caae  __TI_CINIT_Limit        
0000ca9c  __TI_Handler_Table_Base 
0000caa2  __TI_Handler_Table_Limit
UNDEFED   __TI_INITARRAY_Base     
UNDEFED   __TI_INITARRAY_Limit    
0000c9f0  __TI_ISR_TRAP           
0000c9ae  __TI_decompress_none    
0000c9f6  __TI_decompress_rle24   
0000ffe0  __TI_int00              
0000ffe4  __TI_int02              
0000ffe6  __TI_int03              
0000ffea  __TI_int05              
0000ffec  __TI_int06              
0000ffee  __TI_int07              
0000fff0  __TI_int08              
0000fff2  __TI_int09              
0000fff4  __TI_int10              
0000fff6  __TI_int11              
0000fff8  __TI_int12              
0000fffa  __TI_int13              
0000fffc  __TI_int14              
0000c986  __TI_zero_init          
ffffffff  __binit__               
ffffffff  __c_args__              
0000c95c  __mspabi_divu           
0000c9de  __mspabi_func_epilog_1  
0000c9dc  __mspabi_func_epilog_2  
0000c9da  __mspabi_func_epilog_3  
0000c9d8  __mspabi_func_epilog_4  
0000c9d6  __mspabi_func_epilog_5  
0000c9d4  __mspabi_func_epilog_6  
0000c9d2  __mspabi_func_epilog_7  
0000c99a  __mspabi_mpyi           
0000c99a  __mspabi_mpyi_sw        
0000c95c  __mspabi_remu           
0000c67e  _auto_init              
0000c942  _c_int00_noargs_noexit  
0000fffe  _reset_vector           
000003b0  _stack                  
0000c9fc  _system_pre_init        
0000ca00  abort                   
ffffffff  binit                   
0000020c  current_score           
0000c8ae  eraseD                  
0000021a  game_over               
0000c6d6  game_over_screen        
00001000  high_score              
0000c712  high_score_screen       
00000206  hits                    
0000c82c  init_buttons            
0000c7fa  init_timer              
0000c546  itoa                    
0000022f  last_mole1              
00000230  last_mole2              
00000231  last_mole3              
00000232  last_mole4              
00000233  last_play               
0000c3ee  main                    
0000c9c0  memcpy                  
00000205  misses                  
00000226  mole1_counter           
00000212  mole1_on                
00000228  mole2_counter           
00000214  mole2_on                
0000022a  mole3_counter           
00000216  mole3_on                
0000022c  mole4_counter           
00000218  mole4_on                
0000020a  mole_counter            
0000021c  new_high_score          
0000c8ee  new_high_score_screen   
00000208  next_mole               
0000c90a  opening_screen          
0000c74e  print_current_score     
0000020e  rand                    
00000210  rand_on                 
0000c61e  random_gen              
0000c926  reset_screen            
00000200  soundOn                 
00000202  soundTime               
0000c7c4  sound_handler           
0000fff2  sound_handler_ptr       
00000207  stage                   
00000204  state                   
0000021e  temp_score              
00000203  tone_index              
00000220  tones                   
0000c9e2  updateData              
0000c884  writeDword              


GLOBAL SYMBOLS: SORTED BY Symbol Address 

address   name                    
-------   ----                    
00000000  IE1                     
00000001  IE2                     
00000002  IFG1                    
00000003  IFG2                    
00000010  P3REN                   
00000018  P3IN                    
00000019  P3OUT                   
0000001a  P3DIR                   
0000001b  P3SEL                   
00000020  P1IN                    
00000021  P1OUT                   
00000022  P1DIR                   
00000023  P1IFG                   
00000024  P1IES                   
00000025  P1IE                    
00000026  P1SEL                   
00000027  P1REN                   
00000028  P2IN                    
00000029  P2OUT                   
0000002a  P2DIR                   
0000002b  P2IFG                   
0000002c  P2IES                   
0000002d  P2IE                    
0000002e  P2SEL                   
0000002f  P2REN                   
00000041  P1SEL2                  
00000042  P2SEL2                  
00000043  P3SEL2                  
00000048  ADC10DTC0               
00000049  ADC10DTC1               
0000004a  ADC10AE0                
00000050  __STACK_SIZE            
00000053  BCSCTL3                 
00000056  DCOCTL                  
00000057  BCSCTL1                 
00000058  BCSCTL2                 
00000059  CACTL1                  
0000005a  CACTL2                  
0000005b  CAPD                    
0000005d  UCA0ABCTL               
0000005e  UCA0IRTCTL              
0000005f  UCA0IRRCTL              
00000060  UCA0CTL0                
00000061  UCA0CTL1                
00000062  UCA0BR0                 
00000063  UCA0BR1                 
00000064  UCA0MCTL                
00000065  UCA0STAT                
00000066  UCA0RXBUF               
00000067  UCA0TXBUF               
00000068  UCB0CTL0                
00000069  UCB0CTL1                
0000006a  UCB0BR0                 
0000006b  UCB0BR1                 
0000006c  UCB0I2CIE               
0000006d  UCB0STAT                
0000006e  UCB0RXBUF               
0000006f  UCB0TXBUF               
00000118  UCB0I2COA               
0000011a  UCB0I2CSA               
0000011e  TA1IV                   
00000120  WDTCTL                  
00000128  FCTL1                   
0000012a  FCTL2                   
0000012c  FCTL3                   
0000012e  TA0IV                   
00000160  TA0CTL                  
00000162  TA0CCTL0                
00000164  TA0CCTL1                
00000166  TA0CCTL2                
00000170  TA0R                    
00000172  TA0CCR0                 
00000174  TA0CCR1                 
00000176  TA0CCR2                 
00000180  TA1CTL                  
00000182  TA1CCTL0                
00000184  TA1CCTL1                
00000186  TA1CCTL2                
00000190  TA1R                    
00000192  TA1CCR0                 
00000194  TA1CCR1                 
00000196  TA1CCR2                 
000001b0  ADC10CTL0               
000001b2  ADC10CTL1               
000001b4  ADC10MEM                
000001bc  ADC10SA                 
00000200  soundOn                 
00000202  soundTime               
00000203  tone_index              
00000204  state                   
00000205  misses                  
00000206  hits                    
00000207  stage                   
00000208  next_mole               
0000020a  mole_counter            
0000020c  current_score           
0000020e  rand                    
00000210  rand_on                 
00000212  mole1_on                
00000214  mole2_on                
00000216  mole3_on                
00000218  mole4_on                
0000021a  game_over               
0000021c  new_high_score          
0000021e  temp_score              
00000220  tones                   
00000224  TXByte                  
00000226  mole1_counter           
00000228  mole2_counter           
0000022a  mole3_counter           
0000022c  mole4_counter           
0000022e  BitCount                
0000022f  last_mole1              
00000230  last_mole2              
00000231  last_mole3              
00000232  last_mole4              
00000233  last_play               
000003b0  _stack                  
00000400  __STACK_END             
00001000  high_score              
000010c0  TLV_CHECKSUM            
000010da  TLV_ADC10_1_TAG         
000010db  TLV_ADC10_1_LEN         
000010f6  TLV_DCO_30_TAG          
000010f7  TLV_DCO_30_LEN          
000010f8  CALDCO_16MHZ            
000010f9  CALBC1_16MHZ            
000010fa  CALDCO_12MHZ            
000010fb  CALBC1_12MHZ            
000010fc  CALDCO_8MHZ             
000010fd  CALBC1_8MHZ             
000010fe  CALDCO_1MHZ             
000010ff  CALBC1_1MHZ             
0000c000  WDT_interval_handler    
0000c3ee  main                    
0000c546  itoa                    
0000c61e  random_gen              
0000c67e  _auto_init              
0000c6d6  game_over_screen        
0000c712  high_score_screen       
0000c74e  print_current_score     
0000c78a  Timer_A                 
0000c7c4  sound_handler           
0000c7fa  init_timer              
0000c82c  init_buttons            
0000c85a  Transmit                
0000c884  writeDword              
0000c8ae  eraseD                  
0000c8d2  TXString                
0000c8ee  new_high_score_screen   
0000c90a  opening_screen          
0000c926  reset_screen            
0000c942  _c_int00_noargs_noexit  
0000c95c  __mspabi_divu           
0000c95c  __mspabi_remu           
0000c972  ConfigureTimerUart      
0000c986  __TI_zero_init          
0000c99a  __mspabi_mpyi           
0000c99a  __mspabi_mpyi_sw        
0000c9ae  __TI_decompress_none    
0000c9c0  memcpy                  
0000c9d2  __mspabi_func_epilog_7  
0000c9d4  __mspabi_func_epilog_6  
0000c9d6  __mspabi_func_epilog_5  
0000c9d8  __mspabi_func_epilog_4  
0000c9da  __mspabi_func_epilog_3  
0000c9dc  __mspabi_func_epilog_2  
0000c9de  __mspabi_func_epilog_1  
0000c9e2  updateData              
0000c9f0  __TI_ISR_TRAP           
0000c9f6  __TI_decompress_rle24   
0000c9fc  _system_pre_init        
0000ca00  C$$EXIT                 
0000ca00  abort                   
0000ca9c  __TI_Handler_Table_Base 
0000caa2  __TI_Handler_Table_Limit
0000caa6  __TI_CINIT_Base         
0000caae  __TI_CINIT_Limit        
0000ffe0  __TI_int00              
0000ffe4  __TI_int02              
0000ffe6  __TI_int03              
0000ffea  __TI_int05              
0000ffec  __TI_int06              
0000ffee  __TI_int07              
0000fff0  __TI_int08              
0000fff2  __TI_int09              
0000fff2  sound_handler_ptr       
0000fff4  WDT_interval_handler_ptr
0000fff4  __TI_int10              
0000fff6  __TI_int11              
0000fff8  __TI_int12              
0000fffa  Timer_A_ptr             
0000fffa  __TI_int13              
0000fffc  __TI_int14              
0000fffe  _reset_vector           
ffffffff  __binit__               
ffffffff  __c_args__              
ffffffff  binit                   
UNDEFED   __TI_INITARRAY_Base     
UNDEFED   __TI_INITARRAY_Limit    

[200 symbols]
